
 Start  Stop   Length Name               Class

 00000H 07DE4H 07DE5H _TEXT              CODE
 07DE5H 0870EH 0092AH DBP_TEXT           CODE
 0870FH 0870FH 00000H MGLOBALS_TEXT      CODE
 0870FH 0870FH 00000H ERRORS_TEXT        CODE
 0870FH 08BF8H 004EAH RAWFILE_TEXT       CODE
 08BF9H 08DCFH 001D7H FILE_TEXT          CODE
 08DD0H 09353H 00584H ems_TEXT           CODE
 09354H 0A346H 00FF3H mod_TEXT           CODE
 0A347H 0B2AAH 00F64H MODLOAD_TEXT       CODE
 0B2ACH 0C2A4H 00FF9H s3m_TEXT           CODE
 0C2A5H 0D1A0H 00EFCH S3MLOAD_TEXT       CODE
 0D1A2H 0D75CH 005BBH timer_TEXT         CODE
 0D75EH 0EC5EH 01501H gus_TEXT           CODE
 0EC60H 0F033H 003D4H pas_TEXT           CODE
 0F034H 0F2B7H 00284H wss_TEXT           CODE
 0F2B8H 0FA88H 007D1H sb_TEXT            CODE
 0FA8AH 0FFAFH 00526H nsnd_TEXT          CODE
 0FFB0H 13719H 0376AH dsm_TEXT           CODE
 1371AH 138BCH 001A3H dma_TEXT           CODE
 138BDH 13929H 0006DH MMEM_TEXT          CODE
 1392AH 1450AH 00BE1H _TEXTC             CODE
 14510H 14510H 00000H _FARDATA           FAR_DATA
 14510H 14510H 00000H _FARBSS            FAR_BSS
 14510H 14510H 00000H _OVERLAY_          OVRINFO
 14510H 14510H 00000H _1STUB_            STUBSEG
 14510H 16CF3H 027E4H _DATA              DATA
 16CF4H 16CF5H 00002H _CVTSEG            DATA
 16CF6H 16CFBH 00006H _SCNSEG            DATA
 16CFCH 16CFCH 00000H _CONST             CONST
 16CFCH 16D19H 0001EH _INIT_             INITDATA
 16D1AH 16D1AH 00000H _INITEND_          INITDATA
 16D1AH 16D1FH 00006H _EXIT_             EXITDATA
 16D20H 16D20H 00000H _EXITEND_          EXITDATA
 16D20H 16F4FH 00230H _BSS               BSS
 16F50H 16F50H 00000H _BSSEND            BSSEND
 16F50H 16FCFH 00080H _STACK             STACK

Error: Undefined symbol _errPrintList in module dbp.c
Error: Undefined symbol _errAdd in module rawfile.c
Program entry point at 0000:0000

