
 Start  Stop   Length Name               Class

 00000H 09845H 09846H _TEXT              CODE
 09846H 0B3D5H 01B90H MIDP_TEXT          CODE
 0B3D6H 0B4D9H 00104H vgatext_TEXT       CODE
 0B4DAH 0BF89H 00AB0H MIDAS_TEXT         CODE
 0BF8AH 0BF8AH 00000H MGLOBALS_TEXT      CODE
 0BF8AH 0BF8AH 00000H ERRORS_TEXT        CODE
 0BF8AH 0BFF6H 0006DH MMEM_TEXT          CODE
 0BFF8H 0C26FH 00278H asmrfile_TEXT      CODE
 0C270H 0C446H 001D7H FILE_TEXT          CODE
 0C448H 0C9CBH 00584H ems_TEXT           CODE
 0C9CCH 0D9BEH 00FF3H mod_TEXT           CODE
 0D9BFH 0E922H 00F64H MODLOAD_TEXT       CODE
 0E924H 0F91CH 00FF9H s3m_TEXT           CODE
 0F91DH 10818H 00EFCH S3MLOAD_TEXT       CODE
 1081AH 10DD4H 005BBH timer_TEXT         CODE
 10DD6H 122D6H 01501H gus_TEXT           CODE
 122D8H 126ABH 003D4H pas_TEXT           CODE
 126ACH 1292FH 00284H wss_TEXT           CODE
 12930H 13100H 007D1H sb_TEXT            CODE
 13102H 13627H 00526H nsnd_TEXT          CODE
 13628H 16D91H 0376AH dsm_TEXT           CODE
 16D92H 16F34H 001A3H dma_TEXT           CODE
 16F36H 1717DH 00248H vu_TEXT            CODE
 1717EH 17D5EH 00BE1H _TEXTC             CODE
 17D60H 17D60H 00000H _FARDATA           FAR_DATA
 17D60H 17D60H 00000H _FARBSS            FAR_BSS
 17D60H 17D60H 00000H _OVERLAY_          OVRINFO
 17D60H 17D60H 00000H _1STUB_            STUBSEG
 17D60H 1AFC3H 03264H _DATA              DATA
 1AFC4H 1AFC5H 00002H _CVTSEG            DATA
 1AFC6H 1AFCBH 00006H _SCNSEG            DATA
 1AFCCH 1AFCCH 00000H _CONST             CONST
 1AFCCH 1AFF5H 0002AH _INIT_             INITDATA
 1AFF6H 1AFF6H 00000H _INITEND_          INITDATA
 1AFF6H 1AFFBH 00006H _EXIT_             EXITDATA
 1AFFCH 1AFFCH 00000H _EXITEND_          EXITDATA
 1AFFCH 1B6E9H 006EEH _BSS               BSS
 1B6EAH 1B6EAH 00000H _BSSEND            BSSEND
 1B6F0H 1B76FH 00080H _STACK             STACK

Error: Undefined symbol _errPrintList in module midp.c
Program entry point at 0000:0000

